// Jest Snapshot v1, https://goo.gl/fbAQLP

exports[`Close renders 1`] = `
<svg
  viewBox="0 0 32 32"
>
  <g
    stroke="#666666"
    strokeWidth="2"
  >
    <path
      d="M6,6 L26,26"
    />
    <path
      d="M6,6 L26,26"
      transform="translate(16.000000, 16.000000) rotate(-270.000000) translate(-16.000000, -16.000000) "
    />
  </g>
</svg>
`;
